// Jest Snapshot v1, https://goo.gl/fbAQLP

exports[`Given MovieList should render correctly with given props 1`] = `
<div>
  <div>
    <div
      class="row list_header"
    >
      <button
        class="ui button sortby_button"
      >
        Sort By
      </button>
      <div
        class="ui icon input search_input"
        data-testid="search"
      >
        <input
          placeholder="Type to search..."
          type="text"
          value=""
        />
        <i
          aria-hidden="true"
          class="search icon"
        />
      </div>
    </div>
  </div>
  <div
    class="list_container"
  >
    <div
      class="list"
    >
      <div
        class="movie_card"
      >
        <div
          class="info_section"
          data-testid="A New Hope"
        >
          <div
            class="movie_header"
          >
            <div
              class="column"
            >
              <h1>
                A New Hope
              </h1>
              <p
                class="type"
              >
                Episode 1
              </p>
            </div>
            <div
              class="vertical"
            />
            <div
              class="column"
            >
              <h4>
                Release Date: 1980-12-05
              </h4>
              <h4>
                Director: undefined
              </h4>
            </div>
          </div>
        </div>
      </div>
      <div
        class="movie_card"
      >
        <div
          class="info_section"
          data-testid="Return of the jedi"
        >
          <div
            class="movie_header"
          >
            <div
              class="column"
            >
              <h1>
                Return of the jedi
              </h1>
              <p
                class="type"
              >
                Episode 2
              </p>
            </div>
            <div
              class="vertical"
            />
            <div
              class="column"
            >
              <h4>
                Release Date: 1983-05-25
              </h4>
              <h4>
                Director: undefined
              </h4>
            </div>
          </div>
        </div>
      </div>
    </div>
    <div
      class="auto_margin"
    >
      Please select movie to see preview.
    </div>
  </div>
</div>
`;

exports[`Given MovieList should sort movies when sort checkbox checked 1`] = `
<div>
  <div>
    <div
      class="row list_header"
    >
      <button
        class="ui button sortby_button"
      >
        Sort By
      </button>
      <div
        class="ui icon input search_input"
        data-testid="search"
      >
        <input
          placeholder="Type to search..."
          type="text"
          value=""
        />
        <i
          aria-hidden="true"
          class="search icon"
        />
      </div>
    </div>
  </div>
  <div
    class="list_container"
  >
    <div
      class="list"
    >
      <div
        class="movie_card"
      >
        <div
          class="info_section"
          data-testid="A New Hope"
        >
          <div
            class="movie_header"
          >
            <div
              class="column"
            >
              <h1>
                A New Hope
              </h1>
              <p
                class="type"
              >
                Episode 1
              </p>
            </div>
            <div
              class="vertical"
            />
            <div
              class="column"
            >
              <h4>
                Release Date: 1980-12-05
              </h4>
              <h4>
                Director: undefined
              </h4>
            </div>
          </div>
        </div>
      </div>
      <div
        class="movie_card"
      >
        <div
          class="info_section"
          data-testid="Return of the jedi"
        >
          <div
            class="movie_header"
          >
            <div
              class="column"
            >
              <h1>
                Return of the jedi
              </h1>
              <p
                class="type"
              >
                Episode 2
              </p>
            </div>
            <div
              class="vertical"
            />
            <div
              class="column"
            >
              <h4>
                Release Date: 1983-05-25
              </h4>
              <h4>
                Director: undefined
              </h4>
            </div>
          </div>
        </div>
      </div>
    </div>
    <div
      class="auto_margin"
    >
      Please select movie to see preview.
    </div>
  </div>
</div>
`;
